Running Gradle task 'assembleDebug'...                          
WARNING: A restricted method in java.lang.System has been called
WARNING: java.lang.System::load has been called by net.rubygrapefruit.platform.internal.NativeLibraryLoader in an unnamed module (file:/Users/m1/.gradle/wrapper/dists/gradle-9.3.1-all/9ot9r568e8zfvvd4mn8rbu1j0/gradle-9.3.1/lib/native-platform-0.22-milestone-29.jar)
WARNING: Use --enable-native-access=ALL-UNNAMED to avoid a warning for callers in this module
WARNING: Restricted methods will be blocked in a future release unless native access is enabled

Checking the license for package NDK (Side by side) 28.2.13676358 in /Users/m1/Library/Android/sdk/licenses
License for package NDK (Side by side) 28.2.13676358 accepted.
Preparing "Install NDK (Side by side) 28.2.13676358 v.28.2.13676358".
"Install NDK (Side by side) 28.2.13676358 v.28.2.13676358" ready.
Installing NDK (Side by side) 28.2.13676358 in /Users/m1/Library/Android/sdk/ndk/28.2.13676358
"Install NDK (Side by side) 28.2.13676358 v.28.2.13676358" complete.
"Install NDK (Side by side) 28.2.13676358 v.28.2.13676358" finished.
WARNING: Your Android app project: app located at: /Users/m1/Projects/FieldSnap_NZ/android/app/build.gradle.kts
applies the Kotlin Gradle Plugin, which will cause build failures in future versions of Flutter.
Please migrate your app to Built-in Kotlin using this guide: https://docs.flutter.dev/release/breaking-changes/migrate-to-built-in-kotlin/for-app-developers

Checking the license for package CMake 3.22.1 in /Users/m1/Library/Android/sdk/licenses
License for package CMake 3.22.1 accepted.
Preparing "Install CMake 3.22.1 v.3.22.1".
"Install CMake 3.22.1 v.3.22.1" ready.
Installing CMake 3.22.1 in /Users/m1/Library/Android/sdk/cmake/3.22.1
"Install CMake 3.22.1 v.3.22.1" complete.
"Install CMake 3.22.1 v.3.22.1" finished.
Running Gradle task 'assembleDebug'...                            226.5s
✓ Built build/app/outputs/flutter-apk/app-debug.apk
